// Jest Snapshot v1, https://goo.gl/fbAQLP

exports[`Header renders correctly 1`] = `
<nav
  className="mb-5 navbar navbar-expand-lg navbar-dark bg-dark"
>
  <Link
    className="navbar-brand"
    to="/"
  >
    Header Test
  </Link>
  <button
    aria-controls="basic-navbar-nav"
    aria-label="Toggle navigation"
    className="navbar-toggler"
    onClick={[Function]}
    type="button"
  >
    <span
      className="navbar-toggler-icon"
    />
  </button>
  <div
    aria-expanded={null}
    className="navbar-collapse collapse"
    id="basic-navbar-nav"
  >
    <div
      className="mr-auto navbar-nav"
      onKeyDown={[Function]}
    >
      <Link
        activeClassName="active"
        className="nav-link"
        data-rb-event-key={null}
        disabled={false}
        onClick={[Function]}
        to="/"
      >
        home
      </Link>
      <Link
        activeClassName="active"
        className="nav-link"
        data-rb-event-key={null}
        disabled={false}
        onClick={[Function]}
        to="/about"
      >
        about_us
      </Link>
      <a
        className="nav-link"
        data-rb-event-key="https://github.com/gusta-project"
        href="https://github.com/gusta-project"
        onClick={[Function]}
        onKeyDown={[Function]}
        rel="noopener noreferrer"
        target="_blank"
      >
        GitHub
      </a>
    </div>
    <LanguageSelector />
  </div>
</nav>
`;
